Initiating test in /scratch/rk509/test.1666892226...

Extracting data files...

Executing workflow...
python ssp_preprocess_landwaterstorage.py --pipeline_id landwaterstorage-ssp-landwaterstorage-ssp585 --scenario ssp5 --pyear_start 2020 --pyear_end 2300 --pyear_step 10 --baseyear 2005
python ssp_fit_landwaterstorage.py --pipeline_id landwaterstorage-ssp-landwaterstorage-ssp585
python ssp_project_landwaterstorage.py --pipeline_id landwaterstorage-ssp-landwaterstorage-ssp585 --nsamps 500 --seed 1337 --dcrate_lo -0.4
python ssp_postprocess_landwaterstorage.py --pipeline_id landwaterstorage-ssp-landwaterstorage-ssp585 --chunksize 6619 --locationfile /home/rk509/facts/modules/ssp/landwaterstorage/test/../../../../scripts/moduletest/location_list.lst

Collecting output files...
landwaterstorage-ssp-landwaterstorage-ssp585_globalsl.nc
landwaterstorage-ssp-landwaterstorage-ssp585_localsl.nc

Cleaning up...
