Initiating test in /scratch/rk509/test.1666880486...

Extracting data files...

Executing workflow...
python ipccar6_preprocess_ismipemuicesheet.py --pipeline_id icesheets-ipccar6-ismipemuicesheet-ssp585 --scenario ssp585 --baseyear 2005 --pyear_start 2020 --pyear_end 2100 --pyear_step 10 --model_driver FAIR
python ipccar6_fit_ismipemuicesheet.py --pipeline_id icesheets-ipccar6-ismipemuicesheet-ssp585
python ipccar6_project_ismipemuicesheet.py --pipeline_id icesheets-ipccar6-ismipemuicesheet-ssp585 --nsamps 500 --seed 4321
python ipccar6_postprocess_ismipemuicesheet.py --pipeline_id icesheets-ipccar6-ismipemuicesheet-ssp585 --chunksize 662 --locationfile /home/rk509/facts/modules/ipccar6/ismipemuicesheet/test/../../../../scripts/moduletest/location_list.lst

Collecting output files...
icesheets-ipccar6-ismipemuicesheet-ssp585_AIS_globalsl.nc
icesheets-ipccar6-ismipemuicesheet-ssp585_AIS_localsl.nc
icesheets-ipccar6-ismipemuicesheet-ssp585_EAIS_globalsl.nc
icesheets-ipccar6-ismipemuicesheet-ssp585_EAIS_localsl.nc
icesheets-ipccar6-ismipemuicesheet-ssp585_GIS_globalsl.nc
icesheets-ipccar6-ismipemuicesheet-ssp585_GIS_localsl.nc
icesheets-ipccar6-ismipemuicesheet-ssp585_PEN_globalsl.nc
icesheets-ipccar6-ismipemuicesheet-ssp585_WAIS_globalsl.nc
icesheets-ipccar6-ismipemuicesheet-ssp585_WAIS_localsl.nc

Cleaning up...
