Initiating test in /scratch/rk509/test.1666836330...

Extracting data files...

Executing workflow...
python larmip_preprocess_icesheet.py --pipeline_id AIS-larmip-AIS-ssp585 --scenario ssp585 --climate_data_file test/input/fair-temperature-fair-ssp585_climate.nc
python larmip_fit_icesheet.py --pipeline_id AIS-larmip-AIS-ssp585
python larmip_project_icesheet.py --pipeline_id AIS-larmip-AIS-ssp585 --nsamps 500 --seed 4321 --baseyear 2005 --pyear_start 2020 --pyear_end 2300 --pyear_step 10
python larmip_postprocess_icesheet.py --pipeline_id AIS-larmip-AIS-ssp585 --locationfile /home/rk509/facts/modules/larmip/icesheet/test/../../../../scripts/moduletest/location_list.lst --chunksize 600

Collecting output files...
AIS-larmip-AIS-ssp585_EAIS_globalsl.nc
AIS-larmip-AIS-ssp585_EAIS_localsl.nc
AIS-larmip-AIS-ssp585_globalsl.nc
AIS-larmip-AIS-ssp585_localsl.nc
AIS-larmip-AIS-ssp585_PEN_globalsl.nc
AIS-larmip-AIS-ssp585_SMB_globalsl.nc
AIS-larmip-AIS-ssp585_WAIS_globalsl.nc
AIS-larmip-AIS-ssp585_WAIS_localsl.nc

Skipping clean up...
