Initiating test in /scratch/rk509/test.1666642297...
Extracting data files...
Executing workflow...
python kopp14_preprocess_glaciers.py --pipeline_id glaciers-kopp14-glaciers --scenario rcp85 --baseyear 2005 --pyear_start 2020 --pyear_end 2300 --pyear_step 10
python kopp14_fit_glaciers.py --pipeline_id glaciers-kopp14-glaciers
python kopp14_project_glaciers.py --pipeline_id glaciers-kopp14-glaciers --nsamps 20000 --seed 1337
python kopp14_postprocess_glaciers.py --pipeline_id glaciers-kopp14-glaciers --locationfile test/location_list.lst
Collecting output files...
