Initiating test in /scratch/rk509/test.1668004635...

Extracting data files...

Executing workflow...
source emulandice_environment.sh --Rscript
[1] "____________________________________________________"
[1] "Welcome to emulandice"
[1]  
[1] "Can ignore the warnings from optimize"
[1] "____________________________________________________"
python emulandice_preprocess.py --pipeline_id GrIS-emulandice-GrIS-ssp585 --baseyear 2005 --input_data_file test/input/fair-temperature-fair-ssp585_gsat.nc
python emulandice_fit_GrIS.py --pipeline_id GrIS-emulandice-GrIS-ssp585
python emulandice_project_GrIS.py --pipeline_id GrIS-emulandice-GrIS-ssp585
Rscript -e source('packrat/init.R') -e library(emulandice) -e emulandice::main('decades',dataset='FACTS_CLIMATE_FORCING.csv',N_FACTS=50,ice_sources=c('GrIS'))
python emulandice_postprocess_GrIS.py --pipeline_id GrIS-emulandice-GrIS-ssp585 --locationfile /home/rk509/facts/modules/emulandice/GrIS/test/../../../../scripts/moduletest/location_list.lst --chunksize 600

Collecting output files...
GrIS-emulandice-GrIS-ssp585_globalsl.nc
GrIS-emulandice-GrIS-ssp585_localsl.nc

Cleaning up...
