Initiating test in /scratch/rk509/test.1668006033...

Extracting data files...

Executing workflow...
source emulandice_environment.sh --Rscript
[1] "____________________________________________________"
[1] "Welcome to emulandice"
[1]  
[1] "Can ignore the warnings from optimize"
[1] "____________________________________________________"
python emulandice_preprocess.py --pipeline_id AIS-emulandice-AIS-ssp585 --baseyear 2005 --input_data_file test/input/fair-temperature-fair-ssp585_gsat.nc
python emulandice_fit_AIS.py --pipeline_id AIS-emulandice-AIS-ssp585
python emulandice_project_AIS.py --pipeline_id AIS-emulandice-AIS-ssp585
Rscript -e source('packrat/init.R') -e library(emulandice) -e emulandice::main('decades',dataset='FACTS_CLIMATE_FORCING.csv',N_FACTS=500,ice_sources=c('AIS'))
python emulandice_postprocess_AIS.py --pipeline_id AIS-emulandice-AIS-ssp585 --locationfile /home/rk509/facts/modules/emulandice/AIS/test/../../../../scripts/moduletest/location_list.lst --chunksize 600

Collecting output files...
AIS-emulandice-AIS-ssp585_EAIS_globalsl.nc
AIS-emulandice-AIS-ssp585_EAIS_localsl.nc
AIS-emulandice-AIS-ssp585_globalsl.nc
AIS-emulandice-AIS-ssp585_localsl.nc
AIS-emulandice-AIS-ssp585_PEN_globalsl.nc
AIS-emulandice-AIS-ssp585_WAIS_globalsl.nc
AIS-emulandice-AIS-ssp585_WAIS_localsl.nc

Cleaning up...
