Initiating test in /scratch/rk509/test.1667581577...

Extracting data files...
