Initiating test in /scratch/rk509/test.1668109259...

Extracting data files...

Executing workflow...
python bamber19_preprocess_icesheets.py --pipeline_id icesheets-ipccar6-bambericesheet-ssp585 --scenario rcp85 --baseyear 2005 --pyear_start 2020 --pyear_end 2300 --pyear_step 10
python bamber19_fit_icesheets.py --pipeline_id icesheets-ipccar6-bambericesheet-ssp585
python bamber19_project_icesheets.py --pipeline_id icesheets-ipccar6-bambericesheet-ssp585 --nsamps 500 --seed 4321
python bamber19_postprocess_icesheets.py --pipeline_id icesheets-ipccar6-bambericesheet-ssp585 --chunksize 662 --locationfile /home/rk509/facts/modules/bamber19/icesheets/test/../../../../scripts/moduletest/location_list.lst

Collecting output files...
icesheets-ipccar6-bambericesheet-ssp585_AIS_globalsl.nc
icesheets-ipccar6-bambericesheet-ssp585_AIS_localsl.nc
icesheets-ipccar6-bambericesheet-ssp585_EAIS_globalsl.nc
icesheets-ipccar6-bambericesheet-ssp585_EAIS_localsl.nc
icesheets-ipccar6-bambericesheet-ssp585_GIS_globalsl.nc
icesheets-ipccar6-bambericesheet-ssp585_GIS_localsl.nc
icesheets-ipccar6-bambericesheet-ssp585_WAIS_globalsl.nc
icesheets-ipccar6-bambericesheet-ssp585_WAIS_localsl.nc

Cleaning up...
