Initiating test in /scratch/rk509/test.1666646342...
Extracting data files...
Executing workflow...
python larmip_preprocess_icesheet.py --pipeline_id AIS-larmip-AIS-ssp585 --scenario ssp585
python larmip_fit_icesheet.py --pipeline_id AIS-larmip-AIS-ssp585
python larmip_project_icesheet.py --pipeline_id AIS-larmip-AIS-ssp585 --nsamps 500 --seed 4321 --baseyear 2005 --pyear_start 2020 --pyear_end 2300 --pyear_step 10
python larmip_postprocess_icesheet.py --pipeline_id AIS-larmip-AIS-ssp585 --locationfile test/location_list.lst --chunksize 600
Collecting output files...
