Initiating test in /scratch/rk509/test.1667525579...

Skipping data extraction...

Executing workflow...
python total_workflow.py --pyear_start 2020 --pyear_end 2100 --pyear_step 10 --directory test/data --workflows --workflow wf2

Collecting output files...

Cleaning up...
