Initiating test in /scratch/rk509/test.1666881146...

Extracting data files...

Executing workflow...
python kopp14_preprocess_landwaterstorage.py --pipeline_id landwaterstorage-kopp14-landwaterstorage --includepokherl 0 --dotriangular 0 --pyear_start 2020 --pyear_end 2200 --pyear_step 10 --baseyear 2005
python kopp14_fit_landwaterstorage.py --pipeline_id landwaterstorage-kopp14-landwaterstorage
python kopp14_project_landwaterstorage.py --pipeline_id landwaterstorage-kopp14-landwaterstorage --nsamps 20000 --seed 1337
python kopp14_postprocess_landwaterstorage.py --pipeline_id landwaterstorage-kopp14-landwaterstorage --chunksize 6619 --locationfile /home/rk509/facts/modules/kopp14/landwaterstorage/test/../../../../scripts/moduletest/location_list.lst

Collecting output files...
landwaterstorage-kopp14-landwaterstorage_globalsl.nc
landwaterstorage-kopp14-landwaterstorage_localsl.nc

Cleaning up...
