Initiating test in /scratch/rk509/test.1666667491...
Extracting data files...
Executing workflow...
python ar5_preprocess_glacierscmip6.py --pipeline_id glaciers-ar5-glacierscmip6-ssp585 --scenario ssp585 --baseyear 2005
python ar5_fit_glacierscmip6.py --pipeline_id glaciers-ar5-glacierscmip6-ssp585
python ar5_project_glacierscmip6.py --pipeline_id glaciers-ar5-glacierscmip6-ssp585 --nsamps 20000 --pyear_start 2020 --pyear_end 2100 --pyear_step 10 --seed 4321
python ar5_postprocess_glacierscmip6.py --pipeline_id glaciers-ar5-glacierscmip6-ssp585 --locationfile test/location_list.lst
Collecting output files...
