Initiating test in /scratch/rk509/test.1666643595...
Extracting data files...
Executing workflow...
python kopp14_preprocess_thermalexp.py --pipeline_id thermalexpansion-kopp14-thermalexpansion --scenario rcp85 --model_dir ./SLR_ALL/
python kopp14_fit_thermalexp.py --pipeline_id thermalexpansion-kopp14-thermalexpansion
python kopp14_project_thermalexp.py --pipeline_id thermalexpansion-kopp14-thermalexpansion --nsamps 2000 --seed 4321
python kopp14_postprocess_thermalexp.py --pipeline_id thermalexpansion-kopp14-thermalexpansion --locationfile test/location_list.lst
Collecting output files...
